Questionable use of curly braces in "(name "purchase-url") "https://www.snapeda.com/api/url_track_click_mouser/?unipart_id=700092&manufacturer={te} connectivity&part_name=5-146280-5&search_term=none")"
    Error: undefined symbol in: "[te]"
Questionable use of curly braces in "(value "https://www.snapeda.com/api/url_track_click_mouser/?unipart_id=700092&manufacturer={te} connectivity&part_name=5-146280-5&search_term=none")"
    Error: undefined symbol in: "[te]"
Questionable use of curly braces in "(name "purchase-url") "https://www.snapeda.com/api/url_track_click_mouser/?unipart_id=700092&manufacturer={te} connectivity&part_name=5-146280-5&search_term=none")"
    Error: undefined symbol in: "[te]"
Questionable use of curly braces in "(value "https://www.snapeda.com/api/url_track_click_mouser/?unipart_id=700092&manufacturer={te} connectivity&part_name=5-146280-5&search_term=none")"
    Error: undefined symbol in: "[te]"
Questionable use of curly braces in "(name "purchase-url") "https://www.snapeda.com/api/url_track_click_mouser/?unipart_id=700092&manufacturer={te} connectivity&part_name=5-146280-5&search_term=none")"
    Error: undefined symbol in: "[te]"
Questionable use of curly braces in "(value "https://www.snapeda.com/api/url_track_click_mouser/?unipart_id=700092&manufacturer={te} connectivity&part_name=5-146280-5&search_term=none")"
    Error: undefined symbol in: "[te]"
Questionable use of curly braces in "(name "purchase-url") "https://www.snapeda.com/api/url_track_click_mouser/?unipart_id=700092&manufacturer={te} connectivity&part_name=5-146280-5&search_term=none")"
    Error: undefined symbol in: "[te]"
Questionable use of curly braces in "(name "~{spics}")"
    Error: undefined symbol in: "[spics]"
Questionable use of curly braces in "(name "~{rst}")"
    Error: undefined symbol in: "[rst]"
Questionable use of curly braces in "(uri "${kicad10_symbol_dir}/device.kicad_sym")"
    Error: undefined symbol in: "[kicad10_symbol_dir]"
Questionable use of curly braces in "(uri "${kicad10_symbol_dir}/rf.kicad_sym")"
    Error: undefined symbol in: "[kicad10_symbol_dir]"
Questionable use of curly braces in "(uri "${kicad10_symbol_dir}/regulator_linear.kicad_sym")"
    Error: undefined symbol in: "[kicad10_symbol_dir]"
Questionable use of curly braces in "(pinfunction "~{rst}_27")"
    Error: undefined symbol in: "[rst]"
Questionable use of curly braces in "(pinfunction "~{spics}_24")"
    Error: undefined symbol in: "[spics]"
Questionable use of curly braces in "(name "net-(ic1-rfout_{slash}_vdd)")"
    Error: undefined symbol in: "[slash]"
Questionable use of curly braces in "(name "unconnected-(u1-gpio0{slash}rxokled-pad38)")"
    Error: undefined symbol in: "[slash]"
Questionable use of curly braces in "(name "unconnected-(u1-gpio1{slash}sfdled-pad37)")"
    Error: undefined symbol in: "[slash]"
Questionable use of curly braces in "(name "unconnected-(u1-gpio3{slash}txled-pad35)")"
    Error: undefined symbol in: "[slash]"
Questionable use of curly braces in "(name "unconnected-(u1-gpio4{slash}extpa-pad34)")"
    Error: undefined symbol in: "[slash]"
Questionable use of curly braces in "(name "unconnected-(u1-sync{slash}gpio7-pad29)")"
    Error: undefined symbol in: "[slash]"
Circuit: (export

Fatal Error: Unknown SPICE device type "(" in "(version "e")"
